[htmldemo.net/chasmish/chasmish/index.html]
[backblue.gif]
[fade.gif]
[index.html]
[htmldemo.net/chasmish/chasmish/img/favicon.ico]
[htmldemo.net/chasmish/chasmish/img/icon.png]
[htmldemo.net/chasmish/chasmish/css/bootstrap.min.css]
[htmldemo.net/chasmish/chasmish/css/plugins.css]
[htmldemo.net/chasmish/chasmish/css/style.css]
[htmldemo.net/chasmish/chasmish/css/custom.css]
[htmldemo.net/chasmish/chasmish/img/logo/logo1.png]
[htmldemo.net/chasmish/chasmish/login-register.html]
[htmldemo.net/chasmish/chasmish/img/icons/icon.png]
[htmldemo.net/chasmish/chasmish/index-2.html]
[htmldemo.net/chasmish/chasmish/index-3.html]
[htmldemo.net/chasmish/chasmish/shop-grid.html]
[htmldemo.net/chasmish/chasmish/shop-list.html]
[htmldemo.net/chasmish/chasmish/single-product.html]
[htmldemo.net/chasmish/chasmish/blog-three-column.html]
[htmldemo.net/chasmish/chasmish/blog-two-column.html]
[htmldemo.net/chasmish/chasmish/blog-sidebar.html]
[htmldemo.net/chasmish/chasmish/blog-details.html]
[htmldemo.net/chasmish/chasmish/about.html]
[htmldemo.net/chasmish/chasmish/cart.html]
[htmldemo.net/chasmish/chasmish/compare.html]
[htmldemo.net/chasmish/chasmish/wishlist.html]
[htmldemo.net/chasmish/chasmish/my-account.html]
[htmldemo.net/chasmish/chasmish/checkout.html]
[htmldemo.net/chasmish/chasmish/contact.html]
[htmldemo.net/chasmish/chasmish/img/product/product-1.jpg]
[htmldemo.net/chasmish/chasmish/img/product/product-2.jpg]
[htmldemo.net/chasmish/chasmish/img/product/product-3.jpg]
[htmldemo.net/chasmish/chasmish/img/icons/add_to_cart.png]
[htmldemo.net/chasmish/chasmish/img/icons/compare_icon.png]
[htmldemo.net/chasmish/chasmish/img/icons/wishlist_icon.png]
[htmldemo.net/chasmish/chasmish/img/icons/quick_view.png]
[htmldemo.net/chasmish/chasmish/img/product/product-4.jpg]
[htmldemo.net/chasmish/chasmish/img/banner/banner-1.jpg]
[htmldemo.net/chasmish/chasmish/img/banner/banner-2.jpg]
[htmldemo.net/chasmish/chasmish/img/banner/banner-3.png]
[htmldemo.net/chasmish/chasmish/img/product/product-5.jpg]
[htmldemo.net/chasmish/chasmish/img/product/product-6.jpg]
[htmldemo.net/chasmish/chasmish/img/product/product-8.jpg]
[htmldemo.net/chasmish/chasmish/img/product/product-9.jpg]
[htmldemo.net/chasmish/chasmish/img/product/product-10.jpg]
[htmldemo.net/chasmish/chasmish/img/product/product-11.jpg]
[htmldemo.net/chasmish/chasmish/img/product/product-12.jpg]
[htmldemo.net/chasmish/chasmish/img/product/product-13.jpg]
[htmldemo.net/chasmish/chasmish/img/banner/banner-4.jpg]
[htmldemo.net/chasmish/chasmish/img/product/coundown_pro_img.png]
[htmldemo.net/chasmish/chasmish/img/icons/ship_icon_1.png]
[htmldemo.net/chasmish/chasmish/img/icons/ship_icon_2.png]
[htmldemo.net/chasmish/chasmish/img/icons/ship_icon_3.png]
[htmldemo.net/chasmish/chasmish/img/icons/ship_icon_4.png]
[htmldemo.net/chasmish/chasmish/img/product/sm1.png]
[htmldemo.net/chasmish/chasmish/img/product/big-img.png]
[htmldemo.net/chasmish/chasmish/img/product/sm2.png]
[htmldemo.net/chasmish/chasmish/img/product/sm3.png]
[htmldemo.net/chasmish/chasmish/shop.html]
[htmldemo.net/chasmish/chasmish/js/vendor/modernizr-3.6.0.min.js]
[htmldemo.net/chasmish/chasmish/js/vendor/jquery.min.js]
[htmldemo.net/chasmish/chasmish/js/popper.min.js]
[htmldemo.net/chasmish/chasmish/js/bootstrap.min.js]
[htmldemo.net/chasmish/chasmish/js/plugins.js]
[htmldemo.net/chasmish/chasmish/index.html]
[htmldemo.net/chasmish/chasmish/css/bootstrap.min.css]
[htmldemo.net/chasmish/chasmish/js/main.js]
[htmldemo.net/chasmish/chasmish/css/font-awesome.min.css]
[htmldemo.net/chasmish/chasmish/css/slick.min.css]
[htmldemo.net/chasmish/chasmish/css/themify-icons.css]
[htmldemo.net/chasmish/chasmish/css/nice-select.css]
[htmldemo.net/chasmish/chasmish/css/animation.css]
[htmldemo.net/chasmish/chasmish/css/odometer.css]
[htmldemo.net/chasmish/chasmish/css/plugins.css]
[htmldemo.net/chasmish/chasmish/css/range-slider.css]
[htmldemo.net/chasmish/chasmish/img/bg/bg-image-1.jpg]
[htmldemo.net/chasmish/chasmish/img/bg/bg-image-2.jpg]
[htmldemo.net/chasmish/chasmish/img/bg/bg-image-3.jpg]
[htmldemo.net/chasmish/chasmish/img/bg/bg-image-4.jpg]
[htmldemo.net/chasmish/chasmish/img/bg/bg-image-5.jpg]
[htmldemo.net/chasmish/chasmish/img/bg/bg-image-6.jpg]
[htmldemo.net/chasmish/chasmish/img/bg/bg-image-7.jpg]
[htmldemo.net/chasmish/chasmish/img/bg/bg-image-8.jpg]
[htmldemo.net/chasmish/chasmish/img/bg/bg-image-9.jpg]
[htmldemo.net/chasmish/chasmish/img/bg/bg-image-10.jpg]
[htmldemo.net/chasmish/chasmish/img/bg/bg-image-11.jpg]
[htmldemo.net/chasmish/chasmish/img/bg/bg-image-12.jpg]
[htmldemo.net/chasmish/chasmish/img/bg/bg-image-13.jpg]
[htmldemo.net/chasmish/chasmish/img/bg/bg-image-14.jpg]
[htmldemo.net/chasmish/chasmish/img/bg/bg-image-15.jpg]
[htmldemo.net/chasmish/chasmish/img/bg/bg-image-16.jpg]
[htmldemo.net/chasmish/chasmish/img/bg/bg-image-17.jpg]
[htmldemo.net/chasmish/chasmish/img/bg/bg-image-18.jpg]
[htmldemo.net/chasmish/chasmish/img/bg/bg-image-19.jpg]
[htmldemo.net/chasmish/chasmish/img/bg/bg-image-20.jpg]
[htmldemo.net/chasmish/chasmish/img/icons/shape.png]
[htmldemo.net/chasmish/chasmish/img/icons/cdown_layer_img.png]
[htmldemo.net/chasmish/chasmish/img/icons/8.png]
[htmldemo.net/chasmish/chasmish/css/style.css]
[htmldemo.net/chasmish/chasmish/css/custom.css]
[htmldemo.net/chasmish/chasmish/login-register.html]
[htmldemo.net/chasmish/chasmish/img/logo/2.png]
[htmldemo.net/chasmish/chasmish/img/icons/icon2.png]
[htmldemo.net/chasmish/chasmish/img/banner/banner-5.jpg]
[htmldemo.net/chasmish/chasmish/img/banner/banner-6.jpg]
[htmldemo.net/chasmish/chasmish/img/banner/banner-7.jpg]
[htmldemo.net/chasmish/chasmish/img/icons/ship_icon_5.png]
[htmldemo.net/chasmish/chasmish/img/icons/ship_icon_6.png]
[htmldemo.net/chasmish/chasmish/img/icons/ship_icon_7.png]
[htmldemo.net/chasmish/chasmish/img/icons/ship_icon_8.png]
[htmldemo.net/chasmish/chasmish/index-2.html]
[htmldemo.net/chasmish/chasmish/index-3.html]
[htmldemo.net/chasmish/chasmish/img/banner/sidebar-banner.png]
[htmldemo.net/chasmish/chasmish/img/product/product-7.jpg]
[htmldemo.net/chasmish/chasmish/img/product/list1.png]
[htmldemo.net/chasmish/chasmish/img/product/list2.png]
[htmldemo.net/chasmish/chasmish/img/product/list3.png]
[htmldemo.net/chasmish/chasmish/img/product/list4.png]
[htmldemo.net/chasmish/chasmish/img/product/list5.png]
[htmldemo.net/chasmish/chasmish/img/product/list6.png]
[htmldemo.net/chasmish/chasmish/img/product/list7.png]
[htmldemo.net/chasmish/chasmish/img/product/list8.png]
[htmldemo.net/chasmish/chasmish/img/product/list9.png]
[htmldemo.net/chasmish/chasmish/shop-grid.html]
[htmldemo.net/chasmish/chasmish/shop-list.html]
[htmldemo.net/chasmish/chasmish/img/product/big-img-2.png]
[htmldemo.net/chasmish/chasmish/img/product/big-img-3.png]
[htmldemo.net/chasmish/chasmish/single-product.html]
[htmldemo.net/chasmish/chasmish/img/blog/blog-md1.jpg]
[htmldemo.net/chasmish/chasmish/img/blog/blog-md2.jpg]
[htmldemo.net/chasmish/chasmish/img/blog/blog-md3.jpg]
[htmldemo.net/chasmish/chasmish/img/blog/blog-md4.jpg]
[htmldemo.net/chasmish/chasmish/img/blog/blog-md5.jpg]
[htmldemo.net/chasmish/chasmish/blog-three-column.html]
[htmldemo.net/chasmish/chasmish/blog-two-column.html]
[htmldemo.net/chasmish/chasmish/img/blog/post1.jpg]
[htmldemo.net/chasmish/chasmish/blog-detals.html]
[htmldemo.net/chasmish/chasmish/img/blog/post2.jpg]
[htmldemo.net/chasmish/chasmish/img/blog/post3.jpg]
[htmldemo.net/chasmish/chasmish/blog-sidebar.html]
[htmldemo.net/chasmish/chasmish/img/blog/blog-1.jpg]
[htmldemo.net/chasmish/chasmish/img/blog/related-post-1.jpg]
[htmldemo.net/chasmish/chasmish/img/blog/related-post-2.jpg]
[htmldemo.net/chasmish/chasmish/img/blog/related-post-3.jpg]
[htmldemo.net/chasmish/chasmish/img/blog/review1.png]
[htmldemo.net/chasmish/chasmish/img/blog/review2.png]
[htmldemo.net/chasmish/chasmish/img/blog/review3.png]
[htmldemo.net/chasmish/chasmish/blog-details.html]
[htmldemo.net/chasmish/chasmish/img/blog/about_welcome.jpg]
[htmldemo.net/chasmish/chasmish/img/blog/video_block.jpg]
[htmldemo.net/chasmish/chasmish/img/blog/clint1.png]
[htmldemo.net/chasmish/chasmish/img/banner/instagram1.jpg]
[htmldemo.net/chasmish/chasmish/img/banner/instagram2.jpg]
[htmldemo.net/chasmish/chasmish/img/banner/instagram3.jpg]
[htmldemo.net/chasmish/chasmish/img/banner/instagram4.jpg]
[htmldemo.net/chasmish/chasmish/img/banner/instagram5.jpg]
[htmldemo.net/chasmish/chasmish/about.html]
[htmldemo.net/chasmish/chasmish/cart.html]
[htmldemo.net/chasmish/chasmish/compare.html]
[htmldemo.net/chasmish/chasmish/wishlist.html]
[htmldemo.net/chasmish/chasmish/my-account.html]
[htmldemo.net/chasmish/chasmish/checkout.html]
[htmldemo.net/chasmish/chasmish/contact.html]
[htmldemo.net/chasmish/chasmish/shop.html]
[htmldemo.net/chasmish/chasmish/fonts/fontawesome-webfont3e6e.eot]
[htmldemo.net/chasmish/chasmish/fonts/fontawesome-webfont3e6e.woff2]
[htmldemo.net/chasmish/chasmish/fonts/fontawesome-webfont3e6e.woff]
[htmldemo.net/chasmish/chasmish/fonts/fontawesome-webfontd41d.eot]
[htmldemo.net/chasmish/chasmish/fonts/fontawesome-webfont3e6e.ttf]
[htmldemo.net/chasmish/chasmish/css/font-awesome.min.css]
[htmldemo.net/chasmish/chasmish/fonts/fontawesome-webfont3e6e.svg]
[htmldemo.net/chasmish/chasmish/img/ajax-loader.gif]
[htmldemo.net/chasmish/chasmish/fonts/slick.eot]
[htmldemo.net/chasmish/chasmish/fonts/slickd41d.eot]
[htmldemo.net/chasmish/chasmish/fonts/slick.woff]
[htmldemo.net/chasmish/chasmish/fonts/slick.ttf]
[htmldemo.net/chasmish/chasmish/css/slick.min.css]
[htmldemo.net/chasmish/chasmish/fonts/slick.svg]
[htmldemo.net/chasmish/chasmish/fonts/themify9f24.woff]
[htmldemo.net/chasmish/chasmish/fonts/themify9f24.eot]
[htmldemo.net/chasmish/chasmish/fonts/themifyd41d.eot]
[htmldemo.net/chasmish/chasmish/fonts/themify9f24.ttf]
[htmldemo.net/chasmish/chasmish/css/themify-icons.css]
[htmldemo.net/chasmish/chasmish/css/nice-select.css]
[htmldemo.net/chasmish/chasmish/css/animation.css]
[htmldemo.net/chasmish/chasmish/css/odometer.css]
[htmldemo.net/chasmish/chasmish/css/range-slider.css]
[htmldemo.net/chasmish/chasmish/img/bg/bg-image-13.html]
[htmldemo.net/chasmish/chasmish/img/bg/bg-image-14.html]
[htmldemo.net/chasmish/chasmish/img/bg/bg-image-15.html]
[htmldemo.net/chasmish/chasmish/img/bg/bg-image-16.html]
[htmldemo.net/chasmish/chasmish/img/bg/bg-image-17.html]
[htmldemo.net/chasmish/chasmish/img/bg/bg-image-18.html]
[htmldemo.net/chasmish/chasmish/img/bg/bg-image-19.html]
[htmldemo.net/chasmish/chasmish/img/bg/bg-image-20.html]
[htmldemo.net/chasmish/chasmish/blog-detals.html]
[htmldemo.net/chasmish/chasmish/fonts/fontawesome-webfont3e6e.svg]
[htmldemo.net/chasmish/chasmish/fonts/slick.svg]
[htmldemo.net/chasmish/chasmish/fonts/themify9f24.svg]
[htmldemo.net/chasmish/chasmish/fonts/themify9f24.svg]
